Archive member included to satisfy reference by file (symbol)

/home/ralph/Downloads/nrf51/gcc-arm-none-eabi/bin/../lib/gcc/arm-none-eabi/5.2.1/../../../../arm-none-eabi/lib/armv6-m/libc_nano.a(lib_a-exit.o)
                              /home/ralph/Downloads/nrf51/gcc-arm-none-eabi/bin/../lib/gcc/arm-none-eabi/5.2.1/../../../../arm-none-eabi/lib/armv6-m/crt0.o (exit)
/home/ralph/Downloads/nrf51/gcc-arm-none-eabi/bin/../lib/gcc/arm-none-eabi/5.2.1/../../../../arm-none-eabi/lib/armv6-m/libc_nano.a(lib_a-impure.o)
                              /home/ralph/Downloads/nrf51/gcc-arm-none-eabi/bin/../lib/gcc/arm-none-eabi/5.2.1/../../../../arm-none-eabi/lib/armv6-m/libc_nano.a(lib_a-exit.o) (_global_impure_ptr)
/home/ralph/Downloads/nrf51/gcc-arm-none-eabi/bin/../lib/gcc/arm-none-eabi/5.2.1/../../../../arm-none-eabi/lib/armv6-m/libc_nano.a(lib_a-init.o)
                              /home/ralph/Downloads/nrf51/gcc-arm-none-eabi/bin/../lib/gcc/arm-none-eabi/5.2.1/../../../../arm-none-eabi/lib/armv6-m/crt0.o (__libc_init_array)
/home/ralph/Downloads/nrf51/gcc-arm-none-eabi/bin/../lib/gcc/arm-none-eabi/5.2.1/../../../../arm-none-eabi/lib/armv6-m/libc_nano.a(lib_a-memset.o)
                              /home/ralph/Downloads/nrf51/gcc-arm-none-eabi/bin/../lib/gcc/arm-none-eabi/5.2.1/../../../../arm-none-eabi/lib/armv6-m/crt0.o (memset)
/home/ralph/Downloads/nrf51/gcc-arm-none-eabi/bin/../lib/gcc/arm-none-eabi/5.2.1/../../../../arm-none-eabi/lib/armv6-m/libnosys.a(_exit.o)
                              /home/ralph/Downloads/nrf51/gcc-arm-none-eabi/bin/../lib/gcc/arm-none-eabi/5.2.1/../../../../arm-none-eabi/lib/armv6-m/libc_nano.a(lib_a-exit.o) (_exit)
/home/ralph/Downloads/nrf51/gcc-arm-none-eabi/bin/../lib/gcc/arm-none-eabi/5.2.1/../../../../arm-none-eabi/lib/armv6-m/libc_nano.a(lib_a-printf.o)
                              _build/main.o (printf)
/home/ralph/Downloads/nrf51/gcc-arm-none-eabi/bin/../lib/gcc/arm-none-eabi/5.2.1/../../../../arm-none-eabi/lib/armv6-m/libc_nano.a(lib_a-findfp.o)
                              /home/ralph/Downloads/nrf51/gcc-arm-none-eabi/bin/../lib/gcc/arm-none-eabi/5.2.1/../../../../arm-none-eabi/lib/armv6-m/libc_nano.a(lib_a-printf.o) (__sinit)
/home/ralph/Downloads/nrf51/gcc-arm-none-eabi/bin/../lib/gcc/arm-none-eabi/5.2.1/../../../../arm-none-eabi/lib/armv6-m/libc_nano.a(lib_a-fwalk.o)
                              /home/ralph/Downloads/nrf51/gcc-arm-none-eabi/bin/../lib/gcc/arm-none-eabi/5.2.1/../../../../arm-none-eabi/lib/armv6-m/libc_nano.a(lib_a-findfp.o) (_fwalk)
/home/ralph/Downloads/nrf51/gcc-arm-none-eabi/bin/../lib/gcc/arm-none-eabi/5.2.1/../../../../arm-none-eabi/lib/armv6-m/libc_nano.a(lib_a-nano-mallocr.o)
                              /home/ralph/Downloads/nrf51/gcc-arm-none-eabi/bin/../lib/gcc/arm-none-eabi/5.2.1/../../../../arm-none-eabi/lib/armv6-m/libc_nano.a(lib_a-findfp.o) (_malloc_r)
/home/ralph/Downloads/nrf51/gcc-arm-none-eabi/bin/../lib/gcc/arm-none-eabi/5.2.1/../../../../arm-none-eabi/lib/armv6-m/libc_nano.a(lib_a-nano-vfprintf.o)
                              /home/ralph/Downloads/nrf51/gcc-arm-none-eabi/bin/../lib/gcc/arm-none-eabi/5.2.1/../../../../arm-none-eabi/lib/armv6-m/libc_nano.a(lib_a-printf.o) (_vfprintf_r)
/home/ralph/Downloads/nrf51/gcc-arm-none-eabi/bin/../lib/gcc/arm-none-eabi/5.2.1/../../../../arm-none-eabi/lib/armv6-m/libc_nano.a(lib_a-nano-vfprintf_i.o)
                              /home/ralph/Downloads/nrf51/gcc-arm-none-eabi/bin/../lib/gcc/arm-none-eabi/5.2.1/../../../../arm-none-eabi/lib/armv6-m/libc_nano.a(lib_a-nano-vfprintf.o) (_printf_i)
/home/ralph/Downloads/nrf51/gcc-arm-none-eabi/bin/../lib/gcc/arm-none-eabi/5.2.1/../../../../arm-none-eabi/lib/armv6-m/libc_nano.a(lib_a-sbrkr.o)
                              /home/ralph/Downloads/nrf51/gcc-arm-none-eabi/bin/../lib/gcc/arm-none-eabi/5.2.1/../../../../arm-none-eabi/lib/armv6-m/libc_nano.a(lib_a-nano-mallocr.o) (_sbrk_r)
/home/ralph/Downloads/nrf51/gcc-arm-none-eabi/bin/../lib/gcc/arm-none-eabi/5.2.1/../../../../arm-none-eabi/lib/armv6-m/libc_nano.a(lib_a-stdio.o)
                              /home/ralph/Downloads/nrf51/gcc-arm-none-eabi/bin/../lib/gcc/arm-none-eabi/5.2.1/../../../../arm-none-eabi/lib/armv6-m/libc_nano.a(lib_a-findfp.o) (__sread)
/home/ralph/Downloads/nrf51/gcc-arm-none-eabi/bin/../lib/gcc/arm-none-eabi/5.2.1/../../../../arm-none-eabi/lib/armv6-m/libc_nano.a(lib_a-wbuf.o)
                              /home/ralph/Downloads/nrf51/gcc-arm-none-eabi/bin/../lib/gcc/arm-none-eabi/5.2.1/../../../../arm-none-eabi/lib/armv6-m/libc_nano.a(lib_a-nano-vfprintf.o) (__swbuf_r)
/home/ralph/Downloads/nrf51/gcc-arm-none-eabi/bin/../lib/gcc/arm-none-eabi/5.2.1/../../../../arm-none-eabi/lib/armv6-m/libc_nano.a(lib_a-writer.o)
                              /home/ralph/Downloads/nrf51/gcc-arm-none-eabi/bin/../lib/gcc/arm-none-eabi/5.2.1/../../../../arm-none-eabi/lib/armv6-m/libc_nano.a(lib_a-stdio.o) (_write_r)
[...]
Memory Configuration

Name             Origin             Length             Attributes
FLASH            0x00000000         0x00040000         xr
RAM              0x20000000         0x00008000         xrw
*default*        0x00000000         0xffffffff

Linker script and memory map


.text           0x00000000     0x1d40
 *(.isr_vector)
 .isr_vector    0x00000000       0xc0 _build/gcc_startup_nrf51.o
                0x00000000                __isr_vector
 *(.text*)
 .text          0x000000c0       0xb4 /home/ralph/Downloads/nrf51/gcc-arm-none-eabi/bin/../lib/gcc/arm-none-eabi/5.2.1/armv6-m/crtbegin.o
 .text          0x00000174       0x78 /home/ralph/Downloads/nrf51/gcc-arm-none-eabi/bin/../lib/gcc/arm-none-eabi/5.2.1/../../../../arm-none-eabi/lib/armv6-m/crt0.o
                0x00000174                _mainCRTStartup
                0x00000174                _start
 .text.exit     0x000001ec       0x2c /home/ralph/Downloads/nrf51/gcc-arm-none-eabi/bin/../lib/gcc/arm-none-eabi/5.2.1/../../../../arm-none-eabi/lib/armv6-m/libc_nano.a(lib_a-exit.o)
                0x000001ec                exit
 .text.__libc_init_array
                0x00000218       0x4c /home/ralph/Downloads/nrf51/gcc-arm-none-eabi/bin/../lib/gcc/arm-none-eabi/5.2.1/../../../../arm-none-eabi/lib/armv6-m/libc_nano.a(lib_a-init.o)
                0x00000218                __libc_init_array
 .text.memset   0x00000264       0x10 /home/ralph/Downloads/nrf51/gcc-arm-none-eabi/bin/../lib/gcc/arm-none-eabi/5.2.1/../../../../arm-none-eabi/lib/armv6-m/libc_nano.a(lib_a-memset.o)
                0x00000264                memset
 .text._exit    0x00000274        0x4 /home/ralph/Downloads/nrf51/gcc-arm-none-eabi/bin/../lib/gcc/arm-none-eabi/5.2.1/../../../../arm-none-eabi/lib/armv6-m/libnosys.a(_exit.o)
                0x00000274                _exit
 .text.SystemInit
                0x00000278       0xe4 _build/system_nrf51.o
                0x00000278                SystemInit
 .text.uart_error_handle
                0x0000035c       0x18 _build/main.o
                0x0000035c                uart_error_handle
 .text.startup.main
                0x00000374       0xc0 _build/main.o
                0x00000374                main
 .text.app_error_handler_bare
                0x00000434       0x20 _build/app_error.o
                0x00000434                app_error_handler_bare
 .text.app_error_fault_handler
                0x00000454       0x1c _build/app_error_weak.o
                0x00000454                app_error_fault_handler
 .text.app_fifo_init
                0x00000470       0x28 _build/app_fifo.o
                0x00000470                app_fifo_init
 .text.app_fifo_put
                0x00000498       0x28 _build/app_fifo.o
                0x00000498                app_fifo_put
 .text.app_fifo_get
                0x000004c0       0x28 _build/app_fifo.o
                0x000004c0                app_fifo_get
 .text._write   0x000004e8       0x1c _build/retarget.o
                0x000004e8                _write
 .text._read    0x00000504       0x14 _build/retarget.o
                0x00000504                _read
 .text.uart_event_handler
                0x00000518       0xc8 _build/app_uart_fifo.o
 .text.app_uart_init
                0x000005e0       0xa4 _build/app_uart_fifo.o
                0x000005e0                app_uart_init
 .text.app_uart_get
                0x00000684       0x34 _build/app_uart_fifo.o
                0x00000684                app_uart_get
 .text.app_uart_put
                0x000006b8       0x40 _build/app_uart_fifo.o
                0x000006b8                app_uart_put
 .text.nrf_drv_common_irq_enable
                0x000006f8       0x7c _build/nrf_drv_common.o
                0x000006f8                nrf_drv_common_irq_enable
 .text.nrf_drv_uart_init
                0x00000774      0x124 _build/nrf_drv_uart.o
                0x00000774                nrf_drv_uart_init
 .text.nrf_drv_uart_tx
                0x00000898       0xb4 _build/nrf_drv_uart.o
                0x00000898                nrf_drv_uart_tx
 .text.nrf_drv_uart_tx_in_progress
                0x0000094c       0x10 _build/nrf_drv_uart.o
                0x0000094c                nrf_drv_uart_tx_in_progress
 .text.nrf_drv_uart_rx
                0x0000095c      0x11c _build/nrf_drv_uart.o
                0x0000095c                nrf_drv_uart_rx
 .text.nrf_drv_uart_rx_enable
                0x00000a78       0x2c _build/nrf_drv_uart.o
                0x00000a78                nrf_drv_uart_rx_enable
 .text.UART0_IRQHandler
                0x00000aa4      0x1a8 _build/nrf_drv_uart.o
                0x00000aa4                UART0_IRQHandler
 .text          0x00000c4c       0x4c _build/gcc_startup_nrf51.o
                0x00000c4c                Reset_Handler
                0x00000c8c                NMI_Handler
                0x00000c8e                HardFault_Handler
                0x00000c90                SVC_Handler
                0x00000c92                PendSV_Handler
                0x00000c94                SysTick_Handler
                0x00000c96                TIMER2_IRQHandler
                0x00000c96                SPI0_TWI0_IRQHandler
                0x00000c96                RTC0_IRQHandler
                0x00000c96                GPIOTE_IRQHandler
                0x00000c96                POWER_CLOCK_IRQHandler
                0x00000c96                RADIO_IRQHandler
                0x00000c96                LPCOMP_IRQHandler
                0x00000c96                SWI4_IRQHandler
                0x00000c96                TEMP_IRQHandler
                0x00000c96                QDEC_IRQHandler
                0x00000c96                SWI5_IRQHandler
                0x00000c96                TIMER0_IRQHandler
                0x00000c96                SWI0_IRQHandler
                0x00000c96                TIMER1_IRQHandler
                0x00000c96                ECB_IRQHandler
                0x00000c96                Default_Handler
                0x00000c96                ADC_IRQHandler
                0x00000c96                SWI3_IRQHandler
                0x00000c96                CCM_AAR_IRQHandler
                0x00000c96                WDT_IRQHandler
                0x00000c96                SWI2_IRQHandler
                0x00000c96                RNG_IRQHandler
                0x00000c96                SPI1_TWI1_IRQHandler
                0x00000c96                RTC1_IRQHandler
                0x00000c96                SWI1_IRQHandler
 .text.printf   0x00000c98       0x34 /home/ralph/Downloads/nrf51/gcc-arm-none-eabi/bin/../lib/gcc/arm-none-eabi/5.2.1/../../../../arm-none-eabi/lib/armv6-m/libc_nano.a(lib_a-printf.o)
                0x00000c98                printf
                0x00000c98                iprintf
 .text._cleanup_r
                0x00000ccc       0x10 /home/ralph/Downloads/nrf51/gcc-arm-none-eabi/bin/../lib/gcc/arm-none-eabi/5.2.1/../../../../arm-none-eabi/lib/armv6-m/libc_nano.a(lib_a-findfp.o)
                0x00000ccc                _cleanup_r
 .text.std.isra.0
                0x00000cdc       0x48 /home/ralph/Downloads/nrf51/gcc-arm-none-eabi/bin/../lib/gcc/arm-none-eabi/5.2.1/../../../../arm-none-eabi/lib/armv6-m/libc_nano.a(lib_a-findfp.o)
 .text.__sfmoreglue
                0x00000d24       0x2c /home/ralph/Downloads/nrf51/gcc-arm-none-eabi/bin/../lib/gcc/arm-none-eabi/5.2.1/../../../../arm-none-eabi/lib/armv6-m/libc_nano.a(lib_a-findfp.o)
                0x00000d24                __sfmoreglue
 .text.__sinit  0x00000d50       0x68 /home/ralph/Downloads/nrf51/gcc-arm-none-eabi/bin/../lib/gcc/arm-none-eabi/5.2.1/../../../../arm-none-eabi/lib/armv6-m/libc_nano.a(lib_a-findfp.o)
                0x00000d50                __sinit
 .text.__sfp    0x00000db8       0x7c /home/ralph/Downloads/nrf51/gcc-arm-none-eabi/bin/../lib/gcc/arm-none-eabi/5.2.1/../../../../arm-none-eabi/lib/armv6-m/libc_nano.a(lib_a-findfp.o)
                0x00000db8                __sfp
 .text._fwalk_reent
                0x00000e34       0x42 /home/ralph/Downloads/nrf51/gcc-arm-none-eabi/bin/../lib/gcc/arm-none-eabi/5.2.1/../../../../arm-none-eabi/lib/armv6-m/libc_nano.a(lib_a-fwalk.o)
                0x00000e34                _fwalk_reent
 *fill*         0x00000e76        0x2 
 .text._malloc_r
                0x00000e78       0xac /home/ralph/Downloads/nrf51/gcc-arm-none-eabi/bin/../lib/gcc/arm-none-eabi/5.2.1/../../../../arm-none-eabi/lib/armv6-m/libc_nano.a(lib_a-nano-mallocr.o)
                0x00000e78                _malloc_r
 .text.__sfputc_r
                0x00000f24       0x2a /home/ralph/Downloads/nrf51/gcc-arm-none-eabi/bin/../lib/gcc/arm-none-eabi/5.2.1/../../../../arm-none-eabi/lib/armv6-m/libc_nano.a(lib_a-nano-vfprintf.o)
 .text.__sfputs_r
                0x00000f4e       0x24 /home/ralph/Downloads/nrf51/gcc-arm-none-eabi/bin/../lib/gcc/arm-none-eabi/5.2.1/../../../../arm-none-eabi/lib/armv6-m/libc_nano.a(lib_a-nano-vfprintf.o)
                0x00000f4e                __sfputs_r
 *fill*         0x00000f72        0x2 
 .text._vfprintf_r
                0x00000f74      0x238 /home/ralph/Downloads/nrf51/gcc-arm-none-eabi/bin/../lib/gcc/arm-none-eabi/5.2.1/../../../../arm-none-eabi/lib/armv6-m/libc_nano.a(lib_a-nano-vfprintf.o)
                0x00000f74                _vfiprintf_r
                0x00000f74                _vfprintf_r
 .text._printf_common
                0x000011ac       0xdc /home/ralph/Downloads/nrf51/gcc-arm-none-eabi/bin/../lib/gcc/arm-none-eabi/5.2.1/../../../../arm-none-eabi/lib/armv6-m/libc_nano.a(lib_a-nano-vfprintf_i.o)
                0x000011ac                _printf_common
 .text._printf_i
                0x00001288      0x244 /home/ralph/Downloads/nrf51/gcc-arm-none-eabi/bin/../lib/gcc/arm-none-eabi/5.2.1/../../../../arm-none-eabi/lib/armv6-m/libc_nano.a(lib_a-nano-vfprintf_i.o)
                0x00001288                _printf_i
 .text._sbrk_r  0x000014cc       0x24 /home/ralph/Downloads/nrf51/gcc-arm-none-eabi/bin/../lib/gcc/arm-none-eabi/5.2.1/../../../../arm-none-eabi/lib/armv6-m/libc_nano.a(lib_a-sbrkr.o)
                0x000014cc                _sbrk_r
 .text.__sread  0x000014f0       0x28 /home/ralph/Downloads/nrf51/gcc-arm-none-eabi/bin/../lib/gcc/arm-none-eabi/5.2.1/../../../../arm-none-eabi/lib/armv6-m/libc_nano.a(lib_a-stdio.o)
                0x000014f0                __sread
 .text.__swrite
                0x00001518       0x38 /home/ralph/Downloads/nrf51/gcc-arm-none-eabi/bin/../lib/gcc/arm-none-eabi/5.2.1/../../../../arm-none-eabi/lib/armv6-m/libc_nano.a(lib_a-stdio.o)
                0x00001518                __swrite
 .text.__sseek  0x00001550       0x2c /home/ralph/Downloads/nrf51/gcc-arm-none-eabi/bin/../lib/gcc/arm-none-eabi/5.2.1/../../../../arm-none-eabi/lib/armv6-m/libc_nano.a(lib_a-stdio.o)
                0x00001550                __sseek
 .text.__sclose
                0x0000157c        0xc /home/ralph/Downloads/nrf51/gcc-arm-none-eabi/bin/../lib/gcc/arm-none-eabi/5.2.1/../../../../arm-none-eabi/lib/armv6-m/libc_nano.a(lib_a-stdio.o)
                0x0000157c                __sclose
 .text.__swbuf_r
                0x00001588       0xb0 /home/ralph/Downloads/nrf51/gcc-arm-none-eabi/bin/../lib/gcc/arm-none-eabi/5.2.1/../../../../arm-none-eabi/lib/armv6-m/libc_nano.a(lib_a-wbuf.o)
                0x00001588                __swbuf_r
 .text._write_r
                0x00001638       0x28 /home/ralph/Downloads/nrf51/gcc-arm-none-eabi/bin/../lib/gcc/arm-none-eabi/5.2.1/../../../../arm-none-eabi/lib/armv6-m/libc_nano.a(lib_a-writer.o)
                0x00001638                _write_r
 .text.__swsetup_r
                0x00001660       0xe8 /home/ralph/Downloads/nrf51/gcc-arm-none-eabi/bin/../lib/gcc/arm-none-eabi/5.2.1/../../../../arm-none-eabi/lib/armv6-m/libc_nano.a(lib_a-wsetup.o)
                0x00001660                __swsetup_r
 .text._close_r
                0x00001748       0x24 /home/ralph/Downloads/nrf51/gcc-arm-none-eabi/bin/../lib/gcc/arm-none-eabi/5.2.1/../../../../arm-none-eabi/lib/armv6-m/libc_nano.a(lib_a-closer.o)
                0x00001748                _close_r
 .text.__sflush_r
                0x0000176c      0x10c /home/ralph/Downloads/nrf51/gcc-arm-none-eabi/bin/../lib/gcc/arm-none-eabi/5.2.1/../../../../arm-none-eabi/lib/armv6-m/libc_nano.a(lib_a-fflush.o)
                0x0000176c                __sflush_r
 .text._fflush_r
                0x00001878       0x58 /home/ralph/Downloads/nrf51/gcc-arm-none-eabi/bin/../lib/gcc/arm-none-eabi/5.2.1/../../../../arm-none-eabi/lib/armv6-m/libc_nano.a(lib_a-fflush.o)
                0x00001878                _fflush_r
 .text._lseek_r
                0x000018d0       0x28 /home/ralph/Downloads/nrf51/gcc-arm-none-eabi/bin/../lib/gcc/arm-none-eabi/5.2.1/../../../../arm-none-eabi/lib/armv6-m/libc_nano.a(lib_a-lseekr.o)
                0x000018d0                _lseek_r
 .text.__smakebuf_r
                0x000018f8       0xa4 /home/ralph/Downloads/nrf51/gcc-arm-none-eabi/bin/../lib/gcc/arm-none-eabi/5.2.1/../../../../arm-none-eabi/lib/armv6-m/libc_nano.a(lib_a-makebuf.o)
                0x000018f8                __smakebuf_r
 .text.memchr   0x0000199c       0x16 /home/ralph/Downloads/nrf51/gcc-arm-none-eabi/bin/../lib/gcc/arm-none-eabi/5.2.1/../../../../arm-none-eabi/lib/armv6-m/libc_nano.a(lib_a-memchr-stub.o)
                0x0000199c                memchr
 *fill*         0x000019b2        0x2 
 .text._free_r  0x000019b4       0x8c /home/ralph/Downloads/nrf51/gcc-arm-none-eabi/bin/../lib/gcc/arm-none-eabi/5.2.1/../../../../arm-none-eabi/lib/armv6-m/libc_nano.a(lib_a-nano-freer.o)
                0x000019b4                _free_r
 .text._read_r  0x00001a40       0x28 /home/ralph/Downloads/nrf51/gcc-arm-none-eabi/bin/../lib/gcc/arm-none-eabi/5.2.1/../../../../arm-none-eabi/lib/armv6-m/libc_nano.a(lib_a-readr.o)
                0x00001a40                _read_r
 .text._fstat_r
                0x00001a68       0x24 /home/ralph/Downloads/nrf51/gcc-arm-none-eabi/bin/../lib/gcc/arm-none-eabi/5.2.1/../../../../arm-none-eabi/lib/armv6-m/libc_nano.a(lib_a-fstatr.o)
                0x00001a68                _fstat_r
 .text._isatty_r
                0x00001a8c       0x24 /home/ralph/Downloads/nrf51/gcc-arm-none-eabi/bin/../lib/gcc/arm-none-eabi/5.2.1/../../../../arm-none-eabi/lib/armv6-m/libc_nano.a(lib_a-isattyr.o)
                0x00001a8c                _isatty_r
 .text          0x00001ab0      0x114 /home/ralph/Downloads/nrf51/gcc-arm-none-eabi/bin/../lib/gcc/arm-none-eabi/5.2.1/armv6-m/libgcc.a(_udivsi3.o)
                0x00001ab0                __udivsi3
                0x00001ab0                __aeabi_uidiv
                0x00001bbc                __aeabi_uidivmod
 .text          0x00001bc4        0x4 /home/ralph/Downloads/nrf51/gcc-arm-none-eabi/bin/../lib/gcc/arm-none-eabi/5.2.1/armv6-m/libgcc.a(_dvmd_tls.o)
                0x00001bc4                __aeabi_ldiv0
                0x00001bc4                __aeabi_idiv0
 .text._close   0x00001bc8       0x10 /home/ralph/Downloads/nrf51/gcc-arm-none-eabi/bin/../lib/gcc/arm-none-eabi/5.2.1/../../../../arm-none-eabi/lib/armv6-m/libnosys.a(close.o)
                0x00001bc8                _close
 .text._fstat   0x00001bd8       0x10 /home/ralph/Downloads/nrf51/gcc-arm-none-eabi/bin/../lib/gcc/arm-none-eabi/5.2.1/../../../../arm-none-eabi/lib/armv6-m/libnosys.a(fstat.o)
                0x00001bd8                _fstat
 .text._isatty  0x00001be8       0x10 /home/ralph/Downloads/nrf51/gcc-arm-none-eabi/bin/../lib/gcc/arm-none-eabi/5.2.1/../../../../arm-none-eabi/lib/armv6-m/libnosys.a(isatty.o)
                0x00001be8                _isatty
 .text._lseek   0x00001bf8       0x10 /home/ralph/Downloads/nrf51/gcc-arm-none-eabi/bin/../lib/gcc/arm-none-eabi/5.2.1/../../../../arm-none-eabi/lib/armv6-m/libnosys.a(lseek.o)
                0x00001bf8                _lseek
 .text._sbrk    0x00001c08       0x1c /home/ralph/Downloads/nrf51/gcc-arm-none-eabi/bin/../lib/gcc/arm-none-eabi/5.2.1/../../../../arm-none-eabi/lib/armv6-m/libnosys.a(sbrk.o)
                0x00001c08                _sbrk
 *(.init)
 .init          0x00001c24        0x4 /home/ralph/Downloads/nrf51/gcc-arm-none-eabi/bin/../lib/gcc/arm-none-eabi/5.2.1/armv6-m/crti.o
                0x00001c24                _init
 .init          0x00001c28        0x8 /home/ralph/Downloads/nrf51/gcc-arm-none-eabi/bin/../lib/gcc/arm-none-eabi/5.2.1/armv6-m/crtn.o
 *(.fini)
 .fini          0x00001c30        0x4 /home/ralph/Downloads/nrf51/gcc-arm-none-eabi/bin/../lib/gcc/arm-none-eabi/5.2.1/armv6-m/crti.o
                0x00001c30                _fini
 .fini          0x00001c34        0x8 /home/ralph/Downloads/nrf51/gcc-arm-none-eabi/bin/../lib/gcc/arm-none-eabi/5.2.1/armv6-m/crtn.o
 *crtbegin.o(.ctors)
 *crtbegin?.o(.ctors)
 *(EXCLUDE_FILE(*crtend.o *crtend?.o) .ctors)
 *(SORT(.ctors.*))
 *(.ctors)
 *crtbegin.o(.dtors)
 *crtbegin?.o(.dtors)
 *(EXCLUDE_FILE(*crtend.o *crtend?.o) .dtors)
 *(SORT(.dtors.*))
 *(.dtors)
 *(.rodata*)
 .rodata.str1.1
                0x00001c3c        0x2 /home/ralph/Downloads/nrf51/gcc-arm-none-eabi/bin/../lib/gcc/arm-none-eabi/5.2.1/../../../../arm-none-eabi/lib/armv6-m/libc_nano.a(lib_a-impure.o)
 *fill*         0x00001c3e        0x2 
 .rodata._global_impure_ptr
                0x00001c40        0x4 /home/ralph/Downloads/nrf51/gcc-arm-none-eabi/bin/../lib/gcc/arm-none-eabi/5.2.1/../../../../arm-none-eabi/lib/armv6-m/libc_nano.a(lib_a-impure.o)
                0x00001c40                _global_impure_ptr
 .rodata        0x00001c44        0xc _build/main.o
 .rodata.str1.4
                0x00001c50       0x18 _build/main.o
                                 0x17 (size before relaxing)
 .rodata        0x00001c68       0x20 _build/app_uart_fifo.o
 .rodata.m_default_config
                0x00001c88       0x20 _build/nrf_drv_uart.o
 .rodata.__sf_fake_stdin
                0x00001ca8       0x20 /home/ralph/Downloads/nrf51/gcc-arm-none-eabi/bin/../lib/gcc/arm-none-eabi/5.2.1/../../../../arm-none-eabi/lib/armv6-m/libc_nano.a(lib_a-findfp.o)
                0x00001ca8                __sf_fake_stdin
 .rodata.__sf_fake_stdout
                0x00001cc8       0x20 /home/ralph/Downloads/nrf51/gcc-arm-none-eabi/bin/../lib/gcc/arm-none-eabi/5.2.1/../../../../arm-none-eabi/lib/armv6-m/libc_nano.a(lib_a-findfp.o)
                0x00001cc8                __sf_fake_stdout
 .rodata.__sf_fake_stderr
                0x00001ce8       0x20 /home/ralph/Downloads/nrf51/gcc-arm-none-eabi/bin/../lib/gcc/arm-none-eabi/5.2.1/../../../../arm-none-eabi/lib/armv6-m/libc_nano.a(lib_a-findfp.o)
                0x00001ce8                __sf_fake_stderr
 .rodata.str1.1
                0x00001d08       0x11 /home/ralph/Downloads/nrf51/gcc-arm-none-eabi/bin/../lib/gcc/arm-none-eabi/5.2.1/../../../../arm-none-eabi/lib/armv6-m/libc_nano.a(lib_a-nano-vfprintf.o)
 .rodata.str1.1
                0x00001d19       0x22 /home/ralph/Downloads/nrf51/gcc-arm-none-eabi/bin/../lib/gcc/arm-none-eabi/5.2.1/../../../../arm-none-eabi/lib/armv6-m/libc_nano.a(lib_a-nano-vfprintf_i.o)
 *(.eh_frame*)
 *fill*         0x00001d3b        0x1 
 .eh_frame      0x00001d3c        0x0 /home/ralph/Downloads/nrf51/gcc-arm-none-eabi/bin/../lib/gcc/arm-none-eabi/5.2.1/armv6-m/crtbegin.o
 .eh_frame      0x00001d3c        0x4 /home/ralph/Downloads/nrf51/gcc-arm-none-eabi/bin/../lib/gcc/arm-none-eabi/5.2.1/armv6-m/crtend.o

.glue_7         0x00001d40        0x0
 .glue_7        0x00001d40        0x0 linker stubs

.glue_7t        0x00001d40        0x0
 .glue_7t       0x00001d40        0x0 linker stubs

.vfp11_veneer   0x00001d40        0x0
 .vfp11_veneer  0x00001d40        0x0 linker stubs

.v4_bx          0x00001d40        0x0
 .v4_bx         0x00001d40        0x0 linker stubs

.iplt           0x00001d40        0x0
 .iplt          0x00001d40        0x0 /home/ralph/Downloads/nrf51/gcc-arm-none-eabi/bin/../lib/gcc/arm-none-eabi/5.2.1/armv6-m/crtbegin.o

.ARM.extab
 *(.ARM.extab* .gnu.linkonce.armextab.*)
                0x00001d40                __exidx_start = .

.ARM.exidx      0x00001d40        0x8
 *(.ARM.exidx* .gnu.linkonce.armexidx.*)
 .ARM.exidx     0x00001d40        0x8 /home/ralph/Downloads/nrf51/gcc-arm-none-eabi/bin/../lib/gcc/arm-none-eabi/5.2.1/../../../../arm-none-eabi/lib/armv6-m/crt0.o
                0x00001d48                __exidx_end = .
                0x00001d48                __etext = .

.rel.dyn        0x00001d48        0x0
 .rel.iplt      0x00001d48        0x0 /home/ralph/Downloads/nrf51/gcc-arm-none-eabi/bin/../lib/gcc/arm-none-eabi/5.2.1/armv6-m/crtbegin.o

.data           0x20000000       0x70 load address 0x00001d48
                0x20000000                __data_start__ = .
 *(vtable)
 *(.data*)
 .data.impure_data
                0x20000000       0x60 /home/ralph/Downloads/nrf51/gcc-arm-none-eabi/bin/../lib/gcc/arm-none-eabi/5.2.1/../../../../arm-none-eabi/lib/armv6-m/libc_nano.a(lib_a-impure.o)
 .data._impure_ptr
                0x20000060        0x4 /home/ralph/Downloads/nrf51/gcc-arm-none-eabi/bin/../lib/gcc/arm-none-eabi/5.2.1/../../../../arm-none-eabi/lib/armv6-m/libc_nano.a(lib_a-impure.o)
                0x20000060                _impure_ptr
                0x20000064                . = ALIGN (0x4)
                0x20000064                PROVIDE (__preinit_array_start, .)
 *(.preinit_array)
                0x20000064                PROVIDE (__preinit_array_end, .)
                0x20000064                . = ALIGN (0x4)
                0x20000064                PROVIDE (__init_array_start, .)
 *(SORT(.init_array.*))
 *(.init_array)
 .init_array    0x20000064        0x4 /home/ralph/Downloads/nrf51/gcc-arm-none-eabi/bin/../lib/gcc/arm-none-eabi/5.2.1/armv6-m/crtbegin.o
                0x20000068                PROVIDE (__init_array_end, .)
                0x20000068                . = ALIGN (0x4)
                [!provide]                PROVIDE (__fini_array_start, .)
 *(SORT(.fini_array.*))
 *(.fini_array)
 .fini_array    0x20000068        0x4 /home/ralph/Downloads/nrf51/gcc-arm-none-eabi/bin/../lib/gcc/arm-none-eabi/5.2.1/armv6-m/crtbegin.o
                [!provide]                PROVIDE (__fini_array_end, .)
 *(.jcr*)
 .jcr           0x2000006c        0x0 /home/ralph/Downloads/nrf51/gcc-arm-none-eabi/bin/../lib/gcc/arm-none-eabi/5.2.1/armv6-m/crtbegin.o
 .jcr           0x2000006c        0x4 /home/ralph/Downloads/nrf51/gcc-arm-none-eabi/bin/../lib/gcc/arm-none-eabi/5.2.1/armv6-m/crtend.o
                0x20000070                . = ALIGN (0x4)
                0x20000070                __data_end__ = .
LOAD /home/ralph/Downloads/nrf51/gcc-arm-none-eabi/bin/../lib/gcc/arm-none-eabi/5.2.1/armv6-m/crti.o
LOAD /home/ralph/Downloads/nrf51/gcc-arm-none-eabi/bin/../lib/gcc/arm-none-eabi/5.2.1/armv6-m/crtbegin.o
LOAD /home/ralph/Downloads/nrf51/gcc-arm-none-eabi/bin/../lib/gcc/arm-none-eabi/5.2.1/../../../../arm-none-eabi/lib/armv6-m/crt0.o
LOAD /home/ralph/Downloads/nrf51/gcc-arm-none-eabi/bin/../lib/gcc/arm-none-eabi/5.2.1/../../../../arm-none-eabi/lib/armv6-m/libc_nano.a
LOAD /home/ralph/Downloads/nrf51/gcc-arm-none-eabi/bin/../lib/gcc/arm-none-eabi/5.2.1/../../../../arm-none-eabi/lib/armv6-m/libnosys.a
LOAD _build/system_nrf51.o
LOAD _build/main.o
LOAD _build/app_error.o
LOAD _build/app_error_weak.o
LOAD _build/app_fifo.o
LOAD _build/app_util_platform.o
LOAD _build/nrf_assert.o
LOAD _build/retarget.o
LOAD _build/app_uart_fifo.o
LOAD _build/nrf_delay.o
LOAD _build/nrf_drv_common.o
LOAD _build/nrf_drv_uart.o
LOAD _build/gcc_startup_nrf51.o
LOAD /home/ralph/Downloads/nrf51/gcc-arm-none-eabi/bin/../lib/gcc/arm-none-eabi/5.2.1/../../../../arm-none-eabi/lib/armv6-m/libm.a
START GROUP
LOAD /home/ralph/Downloads/nrf51/gcc-arm-none-eabi/bin/../lib/gcc/arm-none-eabi/5.2.1/armv6-m/libgcc.a
LOAD /home/ralph/Downloads/nrf51/gcc-arm-none-eabi/bin/../lib/gcc/arm-none-eabi/5.2.1/../../../../arm-none-eabi/lib/armv6-m/libc_nano.a
END GROUP
START GROUP
LOAD /home/ralph/Downloads/nrf51/gcc-arm-none-eabi/bin/../lib/gcc/arm-none-eabi/5.2.1/armv6-m/libgcc.a
LOAD /home/ralph/Downloads/nrf51/gcc-arm-none-eabi/bin/../lib/gcc/arm-none-eabi/5.2.1/../../../../arm-none-eabi/lib/armv6-m/libc_nano.a
END GROUP
LOAD /home/ralph/Downloads/nrf51/gcc-arm-none-eabi/bin/../lib/gcc/arm-none-eabi/5.2.1/armv6-m/crtend.o
LOAD /home/ralph/Downloads/nrf51/gcc-arm-none-eabi/bin/../lib/gcc/arm-none-eabi/5.2.1/armv6-m/crtn.o
START GROUP
LOAD /home/ralph/Downloads/nrf51/gcc-arm-none-eabi/bin/../lib/gcc/arm-none-eabi/5.2.1/armv6-m/libgcc.a
LOAD /home/ralph/Downloads/nrf51/gcc-arm-none-eabi/bin/../lib/gcc/arm-none-eabi/5.2.1/../../../../arm-none-eabi/lib/armv6-m/libc.a
LOAD /home/ralph/Downloads/nrf51/gcc-arm-none-eabi/bin/../lib/gcc/arm-none-eabi/5.2.1/../../../../arm-none-eabi/lib/armv6-m/libnosys.a
END GROUP

.tm_clone_table
                0x20000070        0x0 load address 0x00001db8
 .tm_clone_table
                0x20000070        0x0 /home/ralph/Downloads/nrf51/gcc-arm-none-eabi/bin/../lib/gcc/arm-none-eabi/5.2.1/armv6-m/crtbegin.o
 .tm_clone_table
                0x20000070        0x0 /home/ralph/Downloads/nrf51/gcc-arm-none-eabi/bin/../lib/gcc/arm-none-eabi/5.2.1/armv6-m/crtend.o

.igot.plt       0x20000070        0x0 load address 0x00001db8
 .igot.plt      0x20000070        0x0 /home/ralph/Downloads/nrf51/gcc-arm-none-eabi/bin/../lib/gcc/arm-none-eabi/5.2.1/armv6-m/crtbegin.o

.fs_data        0x20000070        0x0
                [!provide]                PROVIDE (__start_fs_data, .)
 *(.fs_data)
                [!provide]                PROVIDE (__stop_fs_data, .)

.bss            0x20000070      0x178 load address 0x00001db8
                0x20000070                . = ALIGN (0x4)
                0x20000070                __bss_start__ = .
 *(.bss*)
 .bss           0x20000070       0x1c /home/ralph/Downloads/nrf51/gcc-arm-none-eabi/bin/../lib/gcc/arm-none-eabi/5.2.1/armv6-m/crtbegin.o
 .bss.rx_buf.6124
                0x2000008c        0x1 _build/main.o
 *fill*         0x2000008d        0x3 
 .bss.tx_buf.6125
                0x20000090      0x100 _build/main.o
 .bss.tx_buffer
                0x20000190        0x1 _build/app_uart_fifo.o
 *fill*         0x20000191        0x3 
 .bss.m_event_handler
                0x20000194        0x4 _build/app_uart_fifo.o
 .bss.rx_buffer
                0x20000198        0x1 _build/app_uart_fifo.o
 *fill*         0x20000199        0x3 
 .bss.m_tx_fifo
                0x2000019c       0x10 _build/app_uart_fifo.o
 .bss.m_rx_fifo
                0x200001ac       0x10 _build/app_uart_fifo.o
 .bss.m_cb      0x200001bc       0x1c _build/nrf_drv_uart.o
 .bss.__malloc_sbrk_start
                0x200001d8        0x4 /home/ralph/Downloads/nrf51/gcc-arm-none-eabi/bin/../lib/gcc/arm-none-eabi/5.2.1/../../../../arm-none-eabi/lib/armv6-m/libc_nano.a(lib_a-nano-mallocr.o)
                0x200001d8                __malloc_sbrk_start
 .bss.__malloc_free_list
                0x200001dc        0x4 /home/ralph/Downloads/nrf51/gcc-arm-none-eabi/bin/../lib/gcc/arm-none-eabi/5.2.1/../../../../arm-none-eabi/lib/armv6-m/libc_nano.a(lib_a-nano-mallocr.o)
                0x200001dc                __malloc_free_list
 .bss.heap_end.4167
                0x200001e0        0x4 /home/ralph/Downloads/nrf51/gcc-arm-none-eabi/bin/../lib/gcc/arm-none-eabi/5.2.1/../../../../arm-none-eabi/lib/armv6-m/libnosys.a(sbrk.o)
 *(COMMON)
 COMMON         0x200001e4        0x4 /home/ralph/Downloads/nrf51/gcc-arm-none-eabi/bin/../lib/gcc/arm-none-eabi/5.2.1/../../../../arm-none-eabi/lib/armv6-m/libc_nano.a(lib_a-reent.o)
                0x200001e4                errno
                0x200001e8                . = ALIGN (0x4)
                0x200001e8                __bss_end__ = .

.heap           0x200001e8      0x800
                0x200001e8                __end__ = .
                0x200001e8                PROVIDE (end, .)
 *(.heap*)
 .heap          0x200001e8      0x800 _build/gcc_startup_nrf51.o
                0x200001e8                __HeapBase
                0x200009e8                __HeapLimit = .

.stack_dummy    0x200001e8      0x800
 *(.stack*)
 .stack         0x200001e8      0x800 _build/gcc_startup_nrf51.o
                0x20008000                __StackTop = (ORIGIN (RAM) + LENGTH (RAM))
                0x20007800                __StackLimit = (__StackTop - SIZEOF (.stack_dummy))
                0x20008000                PROVIDE (__stack, __StackTop)
                0x00000001                ASSERT ((__StackLimit >= __HeapLimit), region RAM overflowed with stack)
OUTPUT(_build/nrf51422_xxac.out elf32-littlearm)

.ARM.attributes
                0x00000000       0x28
 .ARM.attributes
                0x00000000       0x1e /home/ralph/Downloads/nrf51/gcc-arm-none-eabi/bin/../lib/gcc/arm-none-eabi/5.2.1/armv6-m/crti.o
 .ARM.attributes
                0x0000001e       0x2c /home/ralph/Downloads/nrf51/gcc-arm-none-eabi/bin/../lib/gcc/arm-none-eabi/5.2.1/armv6-m/crtbegin.o
 .ARM.attributes
                0x0000004a       0x1b /home/ralph/Downloads/nrf51/gcc-arm-none-eabi/bin/../lib/gcc/arm-none-eabi/5.2.1/../../../../arm-none-eabi/lib/armv6-m/crt0.o
 .ARM.attributes
                0x00000065       0x2c /home/ralph/Downloads/nrf51/gcc-arm-none-eabi/bin/../lib/gcc/arm-none-eabi/5.2.1/../../../../arm-none-eabi/lib/armv6-m/libc_nano.a(lib_a-exit.o)
 .ARM.attributes
                0x00000091       0x2c /home/ralph/Downloads/nrf51/gcc-arm-none-eabi/bin/../lib/gcc/arm-none-eabi/5.2.1/../../../../arm-none-eabi/lib/armv6-m/libc_nano.a(lib_a-impure.o)
 .ARM.attributes
                0x000000bd       0x2c /home/ralph/Downloads/nrf51/gcc-arm-none-eabi/bin/../lib/gcc/arm-none-eabi/5.2.1/../../../../arm-none-eabi/lib/armv6-m/libc_nano.a(lib_a-init.o)
 .ARM.attributes
                0x000000e9       0x2c /home/ralph/Downloads/nrf51/gcc-arm-none-eabi/bin/../lib/gcc/arm-none-eabi/5.2.1/../../../../arm-none-eabi/lib/armv6-m/libc_nano.a(lib_a-memset.o)
 .ARM.attributes
                0x00000115       0x2c /home/ralph/Downloads/nrf51/gcc-arm-none-eabi/bin/../lib/gcc/arm-none-eabi/5.2.1/../../../../arm-none-eabi/lib/armv6-m/libnosys.a(_exit.o)
 .ARM.attributes
                0x00000141       0x31 _build/system_nrf51.o
 .ARM.attributes
                0x00000172       0x31 _build/main.o
 .ARM.attributes
                0x000001a3       0x31 _build/app_error.o
 .ARM.attributes
                0x000001d4       0x31 _build/app_error_weak.o
 .ARM.attributes
                0x00000205       0x31 _build/app_fifo.o
 .ARM.attributes
                0x00000236       0x31 _build/retarget.o
 .ARM.attributes
                0x00000267       0x31 _build/app_uart_fifo.o
 .ARM.attributes
                0x00000298       0x31 _build/nrf_drv_common.o
 .ARM.attributes
                0x000002c9       0x31 _build/nrf_drv_uart.o
 .ARM.attributes
                0x000002fa       0x1b _build/gcc_startup_nrf51.o
 .ARM.attributes
                0x00000315       0x2c /home/ralph/Downloads/nrf51/gcc-arm-none-eabi/bin/../lib/gcc/arm-none-eabi/5.2.1/../../../../arm-none-eabi/lib/armv6-m/libc_nano.a(lib_a-printf.o)
 .ARM.attributes
                0x00000341       0x2c /home/ralph/Downloads/nrf51/gcc-arm-none-eabi/bin/../lib/gcc/arm-none-eabi/5.2.1/../../../../arm-none-eabi/lib/armv6-m/libc_nano.a(lib_a-findfp.o)
 .ARM.attributes
                0x0000036d       0x2c /home/ralph/Downloads/nrf51/gcc-arm-none-eabi/bin/../lib/gcc/arm-none-eabi/5.2.1/../../../../arm-none-eabi/lib/armv6-m/libc_nano.a(lib_a-fwalk.o)
 .ARM.attributes
                0x00000399       0x2c /home/ralph/Downloads/nrf51/gcc-arm-none-eabi/bin/../lib/gcc/arm-none-eabi/5.2.1/../../../../arm-none-eabi/lib/armv6-m/libc_nano.a(lib_a-nano-mallocr.o)
 .ARM.attributes
                0x000003c5       0x2c /home/ralph/Downloads/nrf51/gcc-arm-none-eabi/bin/../lib/gcc/arm-none-eabi/5.2.1/../../../../arm-none-eabi/lib/armv6-m/libc_nano.a(lib_a-nano-vfprintf.o)
 .ARM.attributes
                0x000003f1       0x2c /home/ralph/Downloads/nrf51/gcc-arm-none-eabi/bin/../lib/gcc/arm-none-eabi/5.2.1/../../../../arm-none-eabi/lib/armv6-m/libc_nano.a(lib_a-nano-vfprintf_i.o)
 .ARM.attributes
                0x0000041d       0x2c /home/ralph/Downloads/nrf51/gcc-arm-none-eabi/bin/../lib/gcc/arm-none-eabi/5.2.1/../../../../arm-none-eabi/lib/armv6-m/libc_nano.a(lib_a-sbrkr.o)
 .ARM.attributes
                0x00000449       0x2c /home/ralph/Downloads/nrf51/gcc-arm-none-eabi/bin/../lib/gcc/arm-none-eabi/5.2.1/../../../../arm-none-eabi/lib/armv6-m/libc_nano.a(lib_a-stdio.o)
 .ARM.attributes
                0x00000475       0x2c /home/ralph/Downloads/nrf51/gcc-arm-none-eabi/bin/../lib/gcc/arm-none-eabi/5.2.1/../../../../arm-none-eabi/lib/armv6-m/libc_nano.a(lib_a-wbuf.o)
 .ARM.attributes
                0x000004a1       0x2c /home/ralph/Downloads/nrf51/gcc-arm-none-eabi/bin/../lib/gcc/arm-none-eabi/5.2.1/../../../../arm-none-eabi/lib/armv6-m/libc_nano.a(lib_a-writer.o)
 .ARM.attributes
                0x000004cd       0x2c /home/ralph/Downloads/nrf51/gcc-arm-none-eabi/bin/../lib/gcc/arm-none-eabi/5.2.1/../../../../arm-none-eabi/lib/armv6-m/libc_nano.a(lib_a-wsetup.o)
 .ARM.attributes
                0x000004f9       0x2c /home/ralph/Downloads/nrf51/gcc-arm-none-eabi/bin/../lib/gcc/arm-none-eabi/5.2.1/../../../../arm-none-eabi/lib/armv6-m/libc_nano.a(lib_a-closer.o)
 .ARM.attributes
                0x00000525       0x2c /home/ralph/Downloads/nrf51/gcc-arm-none-eabi/bin/../lib/gcc/arm-none-eabi/5.2.1/../../../../arm-none-eabi/lib/armv6-m/libc_nano.a(lib_a-fflush.o)
 .ARM.attributes
                0x00000551       0x2c /home/ralph/Downloads/nrf51/gcc-arm-none-eabi/bin/../lib/gcc/arm-none-eabi/5.2.1/../../../../arm-none-eabi/lib/armv6-m/libc_nano.a(lib_a-lseekr.o)
 .ARM.attributes
                0x0000057d       0x2c /home/ralph/Downloads/nrf51/gcc-arm-none-eabi/bin/../lib/gcc/arm-none-eabi/5.2.1/../../../../arm-none-eabi/lib/armv6-m/libc_nano.a(lib_a-makebuf.o)
 .ARM.attributes
                0x000005a9       0x2c /home/ralph/Downloads/nrf51/gcc-arm-none-eabi/bin/../lib/gcc/arm-none-eabi/5.2.1/../../../../arm-none-eabi/lib/armv6-m/libc_nano.a(lib_a-memchr-stub.o)
 .ARM.attributes
                0x000005d5       0x2c /home/ralph/Downloads/nrf51/gcc-arm-none-eabi/bin/../lib/gcc/arm-none-eabi/5.2.1/../../../../arm-none-eabi/lib/armv6-m/libc_nano.a(lib_a-nano-freer.o)
 .ARM.attributes
                0x00000601       0x2c /home/ralph/Downloads/nrf51/gcc-arm-none-eabi/bin/../lib/gcc/arm-none-eabi/5.2.1/../../../../arm-none-eabi/lib/armv6-m/libc_nano.a(lib_a-readr.o)
 .ARM.attributes
                0x0000062d       0x2c /home/ralph/Downloads/nrf51/gcc-arm-none-eabi/bin/../lib/gcc/arm-none-eabi/5.2.1/../../../../arm-none-eabi/lib/armv6-m/libc_nano.a(lib_a-reent.o)
 .ARM.attributes
                0x00000659       0x2c /home/ralph/Downloads/nrf51/gcc-arm-none-eabi/bin/../lib/gcc/arm-none-eabi/5.2.1/../../../../arm-none-eabi/lib/armv6-m/libc_nano.a(lib_a-fstatr.o)
 .ARM.attributes
                0x00000685       0x2c /home/ralph/Downloads/nrf51/gcc-arm-none-eabi/bin/../lib/gcc/arm-none-eabi/5.2.1/../../../../arm-none-eabi/lib/armv6-m/libc_nano.a(lib_a-isattyr.o)
 .ARM.attributes
                0x000006b1       0x1e /home/ralph/Downloads/nrf51/gcc-arm-none-eabi/bin/../lib/gcc/arm-none-eabi/5.2.1/armv6-m/libgcc.a(_udivsi3.o)
 .ARM.attributes
                0x000006cf       0x1e /home/ralph/Downloads/nrf51/gcc-arm-none-eabi/bin/../lib/gcc/arm-none-eabi/5.2.1/armv6-m/libgcc.a(_dvmd_tls.o)
 .ARM.attributes
                0x000006ed       0x2c /home/ralph/Downloads/nrf51/gcc-arm-none-eabi/bin/../lib/gcc/arm-none-eabi/5.2.1/armv6-m/crtend.o
 .ARM.attributes
                0x00000719       0x1e /home/ralph/Downloads/nrf51/gcc-arm-none-eabi/bin/../lib/gcc/arm-none-eabi/5.2.1/armv6-m/crtn.o
 .ARM.attributes
                0x00000737       0x2c /home/ralph/Downloads/nrf51/gcc-arm-none-eabi/bin/../lib/gcc/arm-none-eabi/5.2.1/../../../../arm-none-eabi/lib/armv6-m/libnosys.a(close.o)
 .ARM.attributes
                0x00000763       0x2c /home/ralph/Downloads/nrf51/gcc-arm-none-eabi/bin/../lib/gcc/arm-none-eabi/5.2.1/../../../../arm-none-eabi/lib/armv6-m/libnosys.a(fstat.o)
 .ARM.attributes
                0x0000078f       0x2c /home/ralph/Downloads/nrf51/gcc-arm-none-eabi/bin/../lib/gcc/arm-none-eabi/5.2.1/../../../../arm-none-eabi/lib/armv6-m/libnosys.a(isatty.o)
 .ARM.attributes
                0x000007bb       0x2c /home/ralph/Downloads/nrf51/gcc-arm-none-eabi/bin/../lib/gcc/arm-none-eabi/5.2.1/../../../../arm-none-eabi/lib/armv6-m/libnosys.a(lseek.o)
 .ARM.attributes
                0x000007e7       0x2c /home/ralph/Downloads/nrf51/gcc-arm-none-eabi/bin/../lib/gcc/arm-none-eabi/5.2.1/../../../../arm-none-eabi/lib/armv6-m/libnosys.a(sbrk.o)

.comment        0x00000000       0x6e
 .comment       0x00000000       0x6e _build/system_nrf51.o
                                 0x6f (size before relaxing)
 .comment       0x0000006e       0x6f _build/main.o
 .comment       0x0000006e       0x6f _build/app_error.o
 .comment       0x0000006e       0x6f _build/app_error_weak.o
 .comment       0x0000006e       0x6f _build/app_fifo.o
 .comment       0x0000006e       0x6f _build/retarget.o
 .comment       0x0000006e       0x6f _build/app_uart_fifo.o
 .comment       0x0000006e       0x6f _build/nrf_drv_common.o
 .comment       0x0000006e       0x6f _build/nrf_drv_uart.o

.debug_frame    0x00000000      0xbbc
 .debug_frame   0x00000000       0x28 /home/ralph/Downloads/nrf51/gcc-arm-none-eabi/bin/../lib/gcc/arm-none-eabi/5.2.1/../../../../arm-none-eabi/lib/armv6-m/libc_nano.a(lib_a-exit.o)
 .debug_frame   0x00000028       0x2c /home/ralph/Downloads/nrf51/gcc-arm-none-eabi/bin/../lib/gcc/arm-none-eabi/5.2.1/../../../../arm-none-eabi/lib/armv6-m/libc_nano.a(lib_a-init.o)
 .debug_frame   0x00000054       0x20 /home/ralph/Downloads/nrf51/gcc-arm-none-eabi/bin/../lib/gcc/arm-none-eabi/5.2.1/../../../../arm-none-eabi/lib/armv6-m/libc_nano.a(lib_a-memset.o)
 .debug_frame   0x00000074       0x20 /home/ralph/Downloads/nrf51/gcc-arm-none-eabi/bin/../lib/gcc/arm-none-eabi/5.2.1/../../../../arm-none-eabi/lib/armv6-m/libnosys.a(_exit.o)
 .debug_frame   0x00000094       0x30 _build/system_nrf51.o
 .debug_frame   0x000000c4       0x44 _build/main.o
 .debug_frame   0x00000108       0x5c _build/app_error.o
 .debug_frame   0x00000164       0x20 _build/app_error_weak.o
 .debug_frame   0x00000184       0xbc _build/app_fifo.o
 .debug_frame   0x00000240       0x44 _build/retarget.o
 .debug_frame   0x00000284       0xb4 _build/app_uart_fifo.o
 .debug_frame   0x00000338       0x30 _build/nrf_drv_common.o
 .debug_frame   0x00000368      0x12c _build/nrf_drv_uart.o
 .debug_frame   0x00000494       0x50 /home/ralph/Downloads/nrf51/gcc-arm-none-eabi/bin/../lib/gcc/arm-none-eabi/5.2.1/../../../../arm-none-eabi/lib/armv6-m/libc_nano.a(lib_a-printf.o)
 .debug_frame   0x000004e4      0x140 /home/ralph/Downloads/nrf51/gcc-arm-none-eabi/bin/../lib/gcc/arm-none-eabi/5.2.1/../../../../arm-none-eabi/lib/armv6-m/libc_nano.a(lib_a-findfp.o)
 .debug_frame   0x00000624       0x58 /home/ralph/Downloads/nrf51/gcc-arm-none-eabi/bin/../lib/gcc/arm-none-eabi/5.2.1/../../../../arm-none-eabi/lib/armv6-m/libc_nano.a(lib_a-fwalk.o)
 .debug_frame   0x0000067c       0x2c /home/ralph/Downloads/nrf51/gcc-arm-none-eabi/bin/../lib/gcc/arm-none-eabi/5.2.1/../../../../arm-none-eabi/lib/armv6-m/libc_nano.a(lib_a-nano-mallocr.o)
 .debug_frame   0x000006a8       0x9c /home/ralph/Downloads/nrf51/gcc-arm-none-eabi/bin/../lib/gcc/arm-none-eabi/5.2.1/../../../../arm-none-eabi/lib/armv6-m/libc_nano.a(lib_a-nano-vfprintf.o)
 .debug_frame   0x00000744       0x54 /home/ralph/Downloads/nrf51/gcc-arm-none-eabi/bin/../lib/gcc/arm-none-eabi/5.2.1/../../../../arm-none-eabi/lib/armv6-m/libc_nano.a(lib_a-nano-vfprintf_i.o)
 .debug_frame   0x00000798       0x2c /home/ralph/Downloads/nrf51/gcc-arm-none-eabi/bin/../lib/gcc/arm-none-eabi/5.2.1/../../../../arm-none-eabi/lib/armv6-m/libc_nano.a(lib_a-sbrkr.o)
 .debug_frame   0x000007c4       0x90 /home/ralph/Downloads/nrf51/gcc-arm-none-eabi/bin/../lib/gcc/arm-none-eabi/5.2.1/../../../../arm-none-eabi/lib/armv6-m/libc_nano.a(lib_a-stdio.o)
 .debug_frame   0x00000854       0x48 /home/ralph/Downloads/nrf51/gcc-arm-none-eabi/bin/../lib/gcc/arm-none-eabi/5.2.1/../../../../arm-none-eabi/lib/armv6-m/libc_nano.a(lib_a-wbuf.o)
 .debug_frame   0x0000089c       0x2c /home/ralph/Downloads/nrf51/gcc-arm-none-eabi/bin/../lib/gcc/arm-none-eabi/5.2.1/../../../../arm-none-eabi/lib/armv6-m/libc_nano.a(lib_a-writer.o)
 .debug_frame   0x000008c8       0x2c /home/ralph/Downloads/nrf51/gcc-arm-none-eabi/bin/../lib/gcc/arm-none-eabi/5.2.1/../../../../arm-none-eabi/lib/armv6-m/libc_nano.a(lib_a-wsetup.o)
 .debug_frame   0x000008f4       0x2c /home/ralph/Downloads/nrf51/gcc-arm-none-eabi/bin/../lib/gcc/arm-none-eabi/5.2.1/../../../../arm-none-eabi/lib/armv6-m/libc_nano.a(lib_a-closer.o)
 .debug_frame   0x00000920       0x68 /home/ralph/Downloads/nrf51/gcc-arm-none-eabi/bin/../lib/gcc/arm-none-eabi/5.2.1/../../../../arm-none-eabi/lib/armv6-m/libc_nano.a(lib_a-fflush.o)
 .debug_frame   0x00000988       0x2c /home/ralph/Downloads/nrf51/gcc-arm-none-eabi/bin/../lib/gcc/arm-none-eabi/5.2.1/../../../../arm-none-eabi/lib/armv6-m/libc_nano.a(lib_a-lseekr.o)
 .debug_frame   0x000009b4       0x30 /home/ralph/Downloads/nrf51/gcc-arm-none-eabi/bin/../lib/gcc/arm-none-eabi/5.2.1/../../../../arm-none-eabi/lib/armv6-m/libc_nano.a(lib_a-makebuf.o)
 .debug_frame   0x000009e4       0x20 /home/ralph/Downloads/nrf51/gcc-arm-none-eabi/bin/../lib/gcc/arm-none-eabi/5.2.1/../../../../arm-none-eabi/lib/armv6-m/libc_nano.a(lib_a-memchr-stub.o)
 .debug_frame   0x00000a04       0x2c /home/ralph/Downloads/nrf51/gcc-arm-none-eabi/bin/../lib/gcc/arm-none-eabi/5.2.1/../../../../arm-none-eabi/lib/armv6-m/libc_nano.a(lib_a-nano-freer.o)
 .debug_frame   0x00000a30       0x2c /home/ralph/Downloads/nrf51/gcc-arm-none-eabi/bin/../lib/gcc/arm-none-eabi/5.2.1/../../../../arm-none-eabi/lib/armv6-m/libc_nano.a(lib_a-readr.o)
 .debug_frame   0x00000a5c       0x48 /home/ralph/Downloads/nrf51/gcc-arm-none-eabi/bin/../lib/gcc/arm-none-eabi/5.2.1/../../../../arm-none-eabi/lib/armv6-m/libc_nano.a(lib_a-reent.o)
 .debug_frame   0x00000aa4       0x2c /home/ralph/Downloads/nrf51/gcc-arm-none-eabi/bin/../lib/gcc/arm-none-eabi/5.2.1/../../../../arm-none-eabi/lib/armv6-m/libc_nano.a(lib_a-fstatr.o)
 .debug_frame   0x00000ad0       0x2c /home/ralph/Downloads/nrf51/gcc-arm-none-eabi/bin/../lib/gcc/arm-none-eabi/5.2.1/../../../../arm-none-eabi/lib/armv6-m/libc_nano.a(lib_a-isattyr.o)
 .debug_frame   0x00000afc       0x20 /home/ralph/Downloads/nrf51/gcc-arm-none-eabi/bin/../lib/gcc/arm-none-eabi/5.2.1/armv6-m/libgcc.a(_udivsi3.o)
 .debug_frame   0x00000b1c       0x20 /home/ralph/Downloads/nrf51/gcc-arm-none-eabi/bin/../lib/gcc/arm-none-eabi/5.2.1/../../../../arm-none-eabi/lib/armv6-m/libnosys.a(close.o)
 .debug_frame   0x00000b3c       0x20 /home/ralph/Downloads/nrf51/gcc-arm-none-eabi/bin/../lib/gcc/arm-none-eabi/5.2.1/../../../../arm-none-eabi/lib/armv6-m/libnosys.a(fstat.o)
 .debug_frame   0x00000b5c       0x20 /home/ralph/Downloads/nrf51/gcc-arm-none-eabi/bin/../lib/gcc/arm-none-eabi/5.2.1/../../../../arm-none-eabi/lib/armv6-m/libnosys.a(isatty.o)
 .debug_frame   0x00000b7c       0x20 /home/ralph/Downloads/nrf51/gcc-arm-none-eabi/bin/../lib/gcc/arm-none-eabi/5.2.1/../../../../arm-none-eabi/lib/armv6-m/libnosys.a(lseek.o)
 .debug_frame   0x00000b9c       0x20 /home/ralph/Downloads/nrf51/gcc-arm-none-eabi/bin/../lib/gcc/arm-none-eabi/5.2.1/../../../../arm-none-eabi/lib/armv6-m/libnosys.a(sbrk.o)

.debug_info     0x00000000     0x5088
 .debug_info    0x00000000      0x1d9 _build/system_nrf51.o
 .debug_info    0x000001d9      0x6d0 _build/main.o
 .debug_info    0x000008a9      0x328 _build/app_error.o
 .debug_info    0x00000bd1      0x1ec _build/app_error_weak.o
 .debug_info    0x00000dbd      0x5e6 _build/app_fifo.o
 .debug_info    0x000013a3      0x9a6 _build/retarget.o
 .debug_info    0x00001d49      0xa5e _build/app_uart_fifo.o
 .debug_info    0x000027a7      0x431 _build/nrf_drv_common.o
 .debug_info    0x00002bd8     0x24b0 _build/nrf_drv_uart.o

.debug_abbrev   0x00000000     0x108f
 .debug_abbrev  0x00000000       0xfc _build/system_nrf51.o
 .debug_abbrev  0x000000fc      0x23c _build/main.o
 .debug_abbrev  0x00000338      0x129 _build/app_error.o
 .debug_abbrev  0x00000461      0x11a _build/app_error_weak.o
 .debug_abbrev  0x0000057b      0x172 _build/app_fifo.o
 .debug_abbrev  0x000006ed      0x205 _build/retarget.o
 .debug_abbrev  0x000008f2      0x21c _build/app_uart_fifo.o
 .debug_abbrev  0x00000b0e      0x177 _build/nrf_drv_common.o
 .debug_abbrev  0x00000c85      0x40a _build/nrf_drv_uart.o

.debug_aranges  0x00000000      0x1f0
 .debug_aranges
                0x00000000       0x28 _build/system_nrf51.o
 .debug_aranges
                0x00000028       0x28 _build/main.o
 .debug_aranges
                0x00000050       0x30 _build/app_error.o
 .debug_aranges
                0x00000080       0x20 _build/app_error_weak.o
 .debug_aranges
                0x000000a0       0x50 _build/app_fifo.o
 .debug_aranges
                0x000000f0       0x28 _build/retarget.o
 .debug_aranges
                0x00000118       0x48 _build/app_uart_fifo.o
 .debug_aranges
                0x00000160       0x20 _build/nrf_drv_common.o
 .debug_aranges
                0x00000180       0x70 _build/nrf_drv_uart.o

.debug_ranges   0x00000000      0x728
 .debug_ranges  0x00000000       0x68 _build/system_nrf51.o
 .debug_ranges  0x00000068       0x78 _build/main.o
 .debug_ranges  0x000000e0       0x20 _build/app_error.o
 .debug_ranges  0x00000100       0x10 _build/app_error_weak.o
 .debug_ranges  0x00000110       0xe8 _build/app_fifo.o
 .debug_ranges  0x000001f8       0x18 _build/retarget.o
 .debug_ranges  0x00000210       0x88 _build/app_uart_fifo.o
 .debug_ranges  0x00000298       0x28 _build/nrf_drv_common.o
 .debug_ranges  0x000002c0      0x468 _build/nrf_drv_uart.o

.debug_macro    0x00000000     0xbd3a
 .debug_macro   0x00000000       0xd0 _build/system_nrf51.o
 .debug_macro   0x000000d0      0x82c _build/system_nrf51.o
 .debug_macro   0x000008fc       0x22 _build/system_nrf51.o
 .debug_macro   0x0000091e       0x44 _build/system_nrf51.o
 .debug_macro   0x00000962       0xfd _build/system_nrf51.o
 .debug_macro   0x00000a5f       0x22 _build/system_nrf51.o
 .debug_macro   0x00000a81      0x1df _build/system_nrf51.o
 .debug_macro   0x00000c60       0x22 _build/system_nrf51.o
 .debug_macro   0x00000c82       0x1c _build/system_nrf51.o
 .debug_macro   0x00000c9e       0x22 _build/system_nrf51.o
 .debug_macro   0x00000cc0       0x3a _build/system_nrf51.o
 .debug_macro   0x00000cfa       0x26 _build/system_nrf51.o
 .debug_macro   0x00000d20      0x30d _build/system_nrf51.o
 .debug_macro   0x0000102d      0x1d2 _build/system_nrf51.o
 .debug_macro   0x000011ff     0x745a _build/system_nrf51.o
 .debug_macro   0x00008659      0x976 _build/system_nrf51.o
 .debug_macro   0x00008fcf       0x1c _build/system_nrf51.o
 .debug_macro   0x00008feb      0x2d5 _build/main.o
 .debug_macro   0x000092c0       0x58 _build/main.o
 .debug_macro   0x00009318       0x35 _build/main.o
 .debug_macro   0x0000934d       0x9c _build/main.o
 .debug_macro   0x000093e9       0x16 _build/main.o
 .debug_macro   0x000093ff       0x97 _build/main.o
 .debug_macro   0x00009496      0x34c _build/main.o
 .debug_macro   0x000097e2       0xf6 _build/main.o
 .debug_macro   0x000098d8       0x10 _build/main.o
 .debug_macro   0x000098e8       0x52 _build/main.o
 .debug_macro   0x0000993a       0x16 _build/main.o
 .debug_macro   0x00009950       0x43 _build/main.o
 .debug_macro   0x00009993      0x187 _build/main.o
 .debug_macro   0x00009b1a       0x10 _build/main.o
 .debug_macro   0x00009b2a       0x22 _build/main.o
 .debug_macro   0x00009b4c       0x3a _build/main.o
 .debug_macro   0x00009b86       0x10 _build/main.o
 .debug_macro   0x00009b96       0x40 _build/main.o
 .debug_macro   0x00009bd6       0x65 _build/main.o
 .debug_macro   0x00009c3b       0x16 _build/main.o
 .debug_macro   0x00009c51      0x197 _build/main.o
 .debug_macro   0x00009de8       0x28 _build/main.o
 .debug_macro   0x00009e10       0x8e _build/main.o
 .debug_macro   0x00009e9e       0x70 _build/main.o
 .debug_macro   0x00009f0e      0x11e _build/main.o
 .debug_macro   0x0000a02c       0x52 _build/main.o
 .debug_macro   0x0000a07e       0x6d _build/main.o
 .debug_macro   0x0000a0eb       0xbb _build/main.o
 .debug_macro   0x0000a1a6       0x2b _build/main.o
 .debug_macro   0x0000a1d1       0x5b _build/main.o
 .debug_macro   0x0000a22c       0x17 _build/main.o
 .debug_macro   0x0000a243       0x10 _build/main.o
 .debug_macro   0x0000a253      0x263 _build/main.o
 .debug_macro   0x0000a4b6       0x22 _build/main.o
 .debug_macro   0x0000a4d8       0x4c _build/main.o
 .debug_macro   0x0000a524      0x253 _build/app_error.o
 .debug_macro   0x0000a777       0x34 _build/app_error.o
 .debug_macro   0x0000a7ab       0x67 _build/app_error.o
 .debug_macro   0x0000a812      0x24d _build/app_error_weak.o
 .debug_macro   0x0000aa5f      0x1fc _build/app_fifo.o
 .debug_macro   0x0000ac5b       0x16 _build/app_fifo.o
 .debug_macro   0x0000ac71      0x10e _build/app_fifo.o
 .debug_macro   0x0000ad7f       0x86 _build/app_fifo.o
 .debug_macro   0x0000ae05       0x16 _build/app_fifo.o
 .debug_macro   0x0000ae1b       0x29 _build/app_fifo.o
 .debug_macro   0x0000ae44       0x16 _build/app_fifo.o
 .debug_macro   0x0000ae5a       0x35 _build/app_fifo.o
 .debug_macro   0x0000ae8f       0x22 _build/app_fifo.o
 .debug_macro   0x0000aeb1       0x37 _build/app_fifo.o
 .debug_macro   0x0000aee8      0x273 _build/retarget.o
 .debug_macro   0x0000b15b       0x4a _build/retarget.o
 .debug_macro   0x0000b1a5      0x32c _build/app_uart_fifo.o
 .debug_macro   0x0000b4d1      0x16a _build/app_uart_fifo.o
 .debug_macro   0x0000b63b      0x29c _build/nrf_drv_common.o
 .debug_macro   0x0000b8d7      0x16d _build/nrf_drv_common.o
 .debug_macro   0x0000ba44      0x2e6 _build/nrf_drv_uart.o
 .debug_macro   0x0000bd2a       0x10 _build/nrf_drv_uart.o

.debug_line     0x00000000     0x3c21
 .debug_line    0x00000000      0x36e _build/system_nrf51.o
 .debug_line    0x0000036e      0x6fa _build/main.o
 .debug_line    0x00000a68      0x56d _build/app_error.o
 .debug_line    0x00000fd5      0x530 _build/app_error_weak.o
 .debug_line    0x00001505      0x64c _build/app_fifo.o
 .debug_line    0x00001b51      0x5ad _build/retarget.o
 .debug_line    0x000020fe      0x86a _build/app_uart_fifo.o
 .debug_line    0x00002968      0x670 _build/nrf_drv_common.o
 .debug_line    0x00002fd8      0xc49 _build/nrf_drv_uart.o

.debug_str      0x00000000    0x3792b
 .debug_str     0x00000000    0x2ee5d _build/system_nrf51.o
                              0x2efd5 (size before relaxing)
 .debug_str     0x0002ee5d     0x6923 _build/main.o
                              0x358d6 (size before relaxing)
 .debug_str     0x00035780      0x125 _build/app_error.o
                              0x3410e (size before relaxing)
 .debug_str     0x000358a5       0x8e _build/app_error_weak.o
                              0x3404c (size before relaxing)
 .debug_str     0x00035933      0x579 _build/app_fifo.o
                              0x32eef (size before relaxing)
 .debug_str     0x00035eac      0x3d6 _build/retarget.o
                              0x347d0 (size before relaxing)
 .debug_str     0x00036282      0xb55 _build/app_uart_fifo.o
                              0x356b3 (size before relaxing)
 .debug_str     0x00036dd7      0x2a4 _build/nrf_drv_common.o
                              0x3497e (size before relaxing)
 .debug_str     0x0003707b      0x8b0 _build/nrf_drv_uart.o
                              0x35a52 (size before relaxing)

.debug_loc      0x00000000     0x20bc
 .debug_loc     0x00000000       0xf7 _build/main.o
 .debug_loc     0x000000f7      0x149 _build/app_error.o
 .debug_loc     0x00000240       0x21 _build/app_error_weak.o
 .debug_loc     0x00000261      0x664 _build/app_fifo.o
 .debug_loc     0x000008c5      0x11a _build/retarget.o
 .debug_loc     0x000009df      0x382 _build/app_uart_fifo.o
 .debug_loc     0x00000d61       0xa2 _build/nrf_drv_common.o
 .debug_loc     0x00000e03     0x12b9 _build/nrf_drv_uart.o

.stab           0x00000000       0x6c
 .stab          0x00000000       0x24 /home/ralph/Downloads/nrf51/gcc-arm-none-eabi/bin/../lib/gcc/arm-none-eabi/5.2.1/../../../../arm-none-eabi/lib/armv6-m/libnosys.a(close.o)
 .stab          0x00000024       0x18 /home/ralph/Downloads/nrf51/gcc-arm-none-eabi/bin/../lib/gcc/arm-none-eabi/5.2.1/../../../../arm-none-eabi/lib/armv6-m/libnosys.a(fstat.o)
                                 0x24 (size before relaxing)
 .stab          0x0000003c       0x18 /home/ralph/Downloads/nrf51/gcc-arm-none-eabi/bin/../lib/gcc/arm-none-eabi/5.2.1/../../../../arm-none-eabi/lib/armv6-m/libnosys.a(isatty.o)
                                 0x24 (size before relaxing)
 .stab          0x00000054       0x18 /home/ralph/Downloads/nrf51/gcc-arm-none-eabi/bin/../lib/gcc/arm-none-eabi/5.2.1/../../../../arm-none-eabi/lib/armv6-m/libnosys.a(lseek.o)
                                 0x24 (size before relaxing)

.stabstr        0x00000000       0xe3
 .stabstr       0x00000000       0xe3 /home/ralph/Downloads/nrf51/gcc-arm-none-eabi/bin/../lib/gcc/arm-none-eabi/5.2.1/../../../../arm-none-eabi/lib/armv6-m/libnosys.a(close.o)
